** Drc report for Wtracker.kicad_pcb **
** Created on 2026-07-11T01:20:51 **
** Report includes: Errors **

** Found 0 DRC violations **

** Found 6 unconnected pads **
[unconnected_items]: Missing connection between items
    Local override; error
    @(101.6000 mm, 63.2000 mm): Zone [GND] on F.Cu and B.Cu, priority 0
    @(101.6000 mm, 63.2000 mm): Zone [GND] on F.Cu and B.Cu, priority 0
[unconnected_items]: Missing connection between items
    Local override; error
    @(101.6000 mm, 63.2000 mm): Zone [GND] on F.Cu and B.Cu, priority 0
    @(101.6000 mm, 63.2000 mm): Zone [GND] on F.Cu and B.Cu, priority 0
[unconnected_items]: Missing connection between items
    Local override; error
    @(101.6000 mm, 63.2000 mm): Zone [GND] on F.Cu and B.Cu, priority 0
    @(101.6000 mm, 63.2000 mm): Zone [GND] on F.Cu and B.Cu, priority 0
[unconnected_items]: Missing connection between items
    Local override; error
    @(101.6000 mm, 63.2000 mm): Zone [GND] on F.Cu and B.Cu, priority 0
    @(101.6000 mm, 63.2000 mm): Zone [GND] on F.Cu and B.Cu, priority 0
[unconnected_items]: Missing connection between items
    Local override; error
    @(101.6000 mm, 63.2000 mm): Zone [GND] on F.Cu and B.Cu, priority 0
    @(101.6000 mm, 63.2000 mm): Zone [GND] on F.Cu and B.Cu, priority 0
[unconnected_items]: Missing connection between items
    Local override; error
    @(101.6000 mm, 63.2000 mm): Zone [GND] on F.Cu and B.Cu, priority 0
    @(101.6000 mm, 63.2000 mm): Zone [GND] on F.Cu and B.Cu, priority 0

** Found 0 Footprint errors **

** Ignored checks **
    - Footprint has no courtyard defined
    - Track endpoint not centered on via
    - Tuning profile track geometries
    - Footprint doesn't match symbol's footprint filters
    - Footprint component type doesn't match footprint pads

** End of Report **
